This is pdfTeX, Version 3.141592653-2.6-1.40.26 (TeX Live 2024) (preloaded format=pdflatex 2024.10.30)  30 SEP 2026 17:15
entering extended mode
 restricted \write18 enabled.
 file:line:error style messages enabled.
 %&-line parsing enabled.
**c:/Users/rcpsi/OneDrive/Documents/GitHub/disciplinas_tools/Examples/eletivas_en/eletivas_IA_en.tex
(c:/Users/rcpsi/OneDrive/Documents/GitHub/disciplinas_tools/Examples/eletivas_en/eletivas_IA_en.tex
LaTeX2e <2024-06-01> patch level 2
L3 programming layer <2024-10-09>
(c:/texlive/2024/texmf-dist/tex/latex/base/article.cls
Document Class: article 2024/02/08 v1.4n Standard LaTeX document class
(c:/texlive/2024/texmf-dist/tex/latex/base/size11.clo
File: size11.clo 2024/02/08 v1.4n Standard LaTeX file (size option)
)
\c@part=\count194
\c@section=\count195
\c@subsection=\count196
\c@subsubsection=\count197
\c@paragraph=\count198
\c@subparagraph=\count199
\c@figure=\count266
\c@table=\count267
\abovecaptionskip=\skip49
\belowcaptionskip=\skip50
\bibindent=\dimen141
) (c:/texlive/2024/texmf-dist/tex/latex/base/ifthen.sty
Package: ifthen 2024/03/16 v1.1e Standard LaTeX ifthen package (DPC)
) (c:/texlive/2024/texmf-dist/tex/latex/base/inputenc.sty
Package: inputenc 2024/02/08 v1.3d Input encoding file
\inpenc@prehook=\toks17
\inpenc@posthook=\toks18
) (c:/texlive/2024/texmf-dist/tex/latex/base/fontenc.sty
Package: fontenc 2021/04/29 v2.0v Standard LaTeX package
) (c:/texlive/2024/texmf-dist/tex/generic/babel/babel.sty
Package: babel 2024/10/20 v24.12 The multilingual framework for pdfLaTeX, LuaLaTeX and XeLaTeX
\babel@savecnt=\count268
\U@D=\dimen142
\l@unhyphenated=\language89
 (c:/texlive/2024/texmf-dist/tex/generic/babel/txtbabel.def)
\bbl@readstream=\read2
\bbl@dirlevel=\count269
 (c:/texlive/2024/texmf-dist/tex/generic/babel-english/english.ldf
Language: english 2017/06/06 v3.3r English support from the babel system
Package babel Info: Hyphen rules for 'canadian' set to \l@english
(babel)             (\language0). Reported on input line 102.
Package babel Info: Hyphen rules for 'australian' set to \l@ukenglish
(babel)             (\language23). Reported on input line 105.
Package babel Info: Hyphen rules for 'newzealand' set to \l@ukenglish
(babel)             (\language23). Reported on input line 108.
)) (c:/texlive/2024/texmf-dist/tex/generic/babel/locale/en/babel-english.tex
Package babel Info: Importing font and identification data for english
(babel)             from babel-en.ini. Reported on input line 11.
) (c:/texlive/2024/texmf-dist/tex/latex/geometry/geometry.sty
Package: geometry 2020/01/02 v5.9 Page Geometry
 (c:/texlive/2024/texmf-dist/tex/latex/graphics/keyval.sty
Package: keyval 2022/05/29 v1.15 key=value parser (DPC)
\KV@toks@=\toks19
) (c:/texlive/2024/texmf-dist/tex/generic/iftex/ifvtex.sty
Package: ifvtex 2019/10/25 v1.7 ifvtex legacy package. Use iftex instead.
 (c:/texlive/2024/texmf-dist/tex/generic/iftex/iftex.sty
Package: iftex 2022/02/03 v1.0f TeX engine tests
))
\Gm@cnth=\count270
\Gm@cntv=\count271
\c@Gm@tempcnt=\count272
\Gm@bindingoffset=\dimen143
\Gm@wd@mp=\dimen144
\Gm@odd@mp=\dimen145
\Gm@even@mp=\dimen146
\Gm@layoutwidth=\dimen147
\Gm@layoutheight=\dimen148
\Gm@layouthoffset=\dimen149
\Gm@layoutvoffset=\dimen150
\Gm@dimlist=\toks20
) (c:/texlive/2024/texmf-dist/tex/latex/tools/longtable.sty
Package: longtable 2024-04-26 v4.20 Multi-page Table package (DPC)
\LTleft=\skip51
\LTright=\skip52
\LTpre=\skip53
\LTpost=\skip54
\LTchunksize=\count273
\LTcapwidth=\dimen151
\LT@head=\box52
\LT@firsthead=\box53
\LT@foot=\box54
\LT@lastfoot=\box55
\LT@gbox=\box56
\LT@cols=\count274
\LT@rows=\count275
\c@LT@tables=\count276
\c@LT@chunks=\count277
\LT@p@ftn=\toks21
) (c:/texlive/2024/texmf-dist/tex/latex/graphics/graphicx.sty
Package: graphicx 2021/09/16 v1.2d Enhanced LaTeX Graphics (DPC,SPQR)
 (c:/texlive/2024/texmf-dist/tex/latex/graphics/graphics.sty
Package: graphics 2024/05/23 v1.4g Standard LaTeX Graphics (DPC,SPQR)
 (c:/texlive/2024/texmf-dist/tex/latex/graphics/trig.sty
Package: trig 2023/12/02 v1.11 sin cos tan (DPC)
) (c:/texlive/2024/texmf-dist/tex/latex/graphics-cfg/graphics.cfg
File: graphics.cfg 2016/06/04 v1.11 sample graphics configuration
)
Package graphics Info: Driver file: pdftex.def on input line 106.
 (c:/texlive/2024/texmf-dist/tex/latex/graphics-def/pdftex.def
File: pdftex.def 2024/04/13 v1.2c Graphics/color driver for pdftex
))
\Gin@req@height=\dimen152
\Gin@req@width=\dimen153
) (c:/texlive/2024/texmf-dist/tex/latex/multirow/multirow.sty
Package: multirow 2021/03/15 v2.8 Span multiple rows of a table
\multirow@colwidth=\skip55
\multirow@cntb=\count278
\multirow@dima=\skip56
\bigstrutjot=\dimen154
) (c:/texlive/2024/texmf-dist/tex/latex/enumitem/enumitem.sty
Package: enumitem 2019/06/20 v3.9 Customized lists
\labelindent=\skip57
\enit@outerparindent=\dimen155
\enit@toks=\toks22
\enit@inbox=\box57
\enit@count@id=\count279
\enitdp@description=\count280
) (c:/texlive/2024/texmf-dist/tex/latex/tools/tabularx.sty
Package: tabularx 2023/12/11 v2.12a `tabularx' package (DPC)
 (c:/texlive/2024/texmf-dist/tex/latex/tools/array.sty
Package: array 2024/06/14 v2.6d Tabular extension package (FMi)
\col@sep=\dimen156
\ar@mcellbox=\box58
\extrarowheight=\dimen157
\NC@list=\toks23
\extratabsurround=\skip58
\backup@length=\skip59
\ar@cellbox=\box59
)
\TX@col@width=\dimen158
\TX@old@table=\dimen159
\TX@old@col=\dimen160
\TX@target=\dimen161
\TX@delta=\dimen162
\TX@cols=\count281
\TX@ftn=\toks24
) (c:/texlive/2024/texmf-dist/tex/latex/setspace/setspace.sty
Package: setspace 2022/12/04 v6.7b set line spacing
) (c:/texlive/2024/texmf-dist/tex/latex/ragged2e/ragged2e.sty
Package: ragged2e 2023/06/22 v3.6 ragged2e Package
\CenteringLeftskip=\skip60
\RaggedLeftLeftskip=\skip61
\RaggedRightLeftskip=\skip62
\CenteringRightskip=\skip63
\RaggedLeftRightskip=\skip64
\RaggedRightRightskip=\skip65
\CenteringParfillskip=\skip66
\RaggedLeftParfillskip=\skip67
\RaggedRightParfillskip=\skip68
\JustifyingParfillskip=\skip69
\CenteringParindent=\skip70
\RaggedLeftParindent=\skip71
\RaggedRightParindent=\skip72
\JustifyingParindent=\skip73
) (c:/texlive/2024/texmf-dist/tex/latex/l3backend/l3backend-pdftex.def
File: l3backend-pdftex.def 2024-05-08 L3 backend support: PDF output (pdfTeX)
\l__color_backend_stack_int=\count282
\l__pdf_internal_box=\box60
) (./eletivas_IA_en.aux)
\openout1 = `eletivas_IA_en.aux'.

LaTeX Font Info:    Checking defaults for OML/cmm/m/it on input line 12.
LaTeX Font Info:    ... okay on input line 12.
LaTeX Font Info:    Checking defaults for OMS/cmsy/m/n on input line 12.
LaTeX Font Info:    ... okay on input line 12.
LaTeX Font Info:    Checking defaults for OT1/cmr/m/n on input line 12.
LaTeX Font Info:    ... okay on input line 12.
LaTeX Font Info:    Checking defaults for T1/cmr/m/n on input line 12.
LaTeX Font Info:    ... okay on input line 12.
LaTeX Font Info:    Checking defaults for TS1/cmr/m/n on input line 12.
LaTeX Font Info:    ... okay on input line 12.
LaTeX Font Info:    Checking defaults for OMX/cmex/m/n on input line 12.
LaTeX Font Info:    ... okay on input line 12.
LaTeX Font Info:    Checking defaults for U/cmr/m/n on input line 12.
LaTeX Font Info:    ... okay on input line 12.

*geometry* driver: auto-detecting
*geometry* detected driver: pdftex
*geometry* verbose mode - [ preamble ] result:
* driver: pdftex
* paper: a4paper
* layout: <same size as paper>
* layoutoffset:(h,v)=(0.0pt,0.0pt)
* modes: 
* h-part:(L,W,R)=(56.9055pt, 483.69687pt, 56.9055pt)
* v-part:(T,H,B)=(56.9055pt, 731.23584pt, 56.9055pt)
* \paperwidth=597.50787pt
* \paperheight=845.04684pt
* \textwidth=483.69687pt
* \textheight=731.23584pt
* \oddsidemargin=-15.36449pt
* \evensidemargin=-15.36449pt
* \topmargin=-52.36449pt
* \headheight=12.0pt
* \headsep=25.0pt
* \topskip=11.0pt
* \footskip=30.0pt
* \marginparwidth=59.0pt
* \marginparsep=10.0pt
* \columnsep=10.0pt
* \skip\footins=10.0pt plus 4.0pt minus 2.0pt
* \hoffset=0.0pt
* \voffset=0.0pt
* \mag=1000
* \@twocolumnfalse
* \@twosidefalse
* \@mparswitchfalse
* \@reversemarginfalse
* (1in=72.27pt=25.4mm, 1cm=28.453pt)

(c:/texlive/2024/texmf-dist/tex/context/base/mkii/supp-pdf.mkii
[Loading MPS to PDF converter (version 2006.09.02).]
\scratchcounter=\count283
\scratchdimen=\dimen163
\scratchbox=\box61
\nofMPsegments=\count284
\nofMParguments=\count285
\everyMPshowfont=\toks25
\MPscratchCnt=\count286
\MPscratchDim=\dimen164
\MPnumerator=\count287
\makeMPintoPDFobject=\count288
\everyMPtoPDFconversion=\toks26
) (c:/texlive/2024/texmf-dist/tex/latex/epstopdf-pkg/epstopdf-base.sty
Package: epstopdf-base 2020-01-24 v2.11 Base part for package epstopdf
Package epstopdf-base Info: Redefining graphics rule for `.eps' on input line 485.
 (c:/texlive/2024/texmf-dist/tex/latex/latexconfig/epstopdf-sys.cfg
File: epstopdf-sys.cfg 2010/07/13 v1.3 Configuration of (r)epstopdf for TeX Live
))
LaTeX Font Info:    External font `cmex10' loaded for size
(Font)              <10.95> on input line 14.
LaTeX Font Info:    External font `cmex10' loaded for size
(Font)              <8> on input line 14.
LaTeX Font Info:    External font `cmex10' loaded for size
(Font)              <6> on input line 14.
<brasao.png, id=1, 435.12563pt x 440.39531pt>
File: brasao.png Graphic file (type png)
<use brasao.png>
Package pdftex.def Info: brasao.png  used on input line 15.
(pdftex.def)             Requested size: 75.90245pt x 76.82234pt.

Overfull \vbox (33.9827pt too high) detected at line 15
 []

<ufop.png, id=3, 232.61906pt x 435.87843pt>
File: ufop.png Graphic file (type png)
<use ufop.png>
Package pdftex.def Info: ufop.png  used on input line 17.
(pdftex.def)             Requested size: 40.99644pt x 76.82234pt.

Overfull \vbox (33.9827pt too high) detected at line 17
 []


Overfull \hbox (21.54718pt too wide) in alignment at lines 25--82
 [] [] [] [] 
 []

[1

{c:/texlive/2024/texmf-var/fonts/map/pdftex/updmap/pdftex.map}{c:/texlive/2024/texmf-dist/fonts/enc/dvips/cm-super/cm-super-t1.enc} <./brasao.png> <./ufop.png>]

[2{c:/texlive/2024/texmf-dist/fonts/enc/dvips/cm-super/cm-super-ts1.enc}]
File: brasao.png Graphic file (type png)
<use brasao.png>
Package pdftex.def Info: brasao.png  used on input line 88.
(pdftex.def)             Requested size: 75.90245pt x 76.82234pt.

Overfull \vbox (33.9827pt too high) detected at line 88
 []

File: ufop.png Graphic file (type png)
<use ufop.png>
Package pdftex.def Info: ufop.png  used on input line 90.
(pdftex.def)             Requested size: 40.99644pt x 76.82234pt.

Overfull \vbox (33.9827pt too high) detected at line 90
 []


Overfull \hbox (21.54718pt too wide) in alignment at lines 98--163
 [] [] [] [] 
 []

[3

]

[4]
File: brasao.png Graphic file (type png)
<use brasao.png>
Package pdftex.def Info: brasao.png  used on input line 169.
(pdftex.def)             Requested size: 75.90245pt x 76.82234pt.

Overfull \vbox (33.9827pt too high) detected at line 169
 []

File: ufop.png Graphic file (type png)
<use ufop.png>
Package pdftex.def Info: ufop.png  used on input line 171.
(pdftex.def)             Requested size: 40.99644pt x 76.82234pt.

Overfull \vbox (33.9827pt too high) detected at line 171
 []


Overfull \hbox (21.54718pt too wide) in alignment at lines 179--234
 [] [] [] [] 
 []

[5

]

[6]
File: brasao.png Graphic file (type png)
<use brasao.png>
Package pdftex.def Info: brasao.png  used on input line 240.
(pdftex.def)             Requested size: 75.90245pt x 76.82234pt.

Overfull \vbox (33.9827pt too high) detected at line 240
 []

File: ufop.png Graphic file (type png)
<use ufop.png>
Package pdftex.def Info: ufop.png  used on input line 242.
(pdftex.def)             Requested size: 40.99644pt x 76.82234pt.

Overfull \vbox (33.9827pt too high) detected at line 242
 []


Underfull \hbox (badness 10000) in paragraph at lines 303--303
[]\T1/cmr/m/n/10.95 VERAS, Ma-noel. Com-putação em Nu-vem. 1. ed. Bras-port,
 []


Underfull \hbox (badness 10000) in paragraph at lines 303--303
\T1/cmr/m/n/10.95 2015. Disponível on-line em Min-haU-FOP/BibliotecaDigital/BVirtualPearson:
 []


Overfull \hbox (21.54718pt too wide) in alignment at lines 250--309
 [] [] [] [] 
 []

[7

]

[8]
File: brasao.png Graphic file (type png)
<use brasao.png>
Package pdftex.def Info: brasao.png  used on input line 315.
(pdftex.def)             Requested size: 75.90245pt x 76.82234pt.

Overfull \vbox (33.9827pt too high) detected at line 315
 []

File: ufop.png Graphic file (type png)
<use ufop.png>
Package pdftex.def Info: ufop.png  used on input line 317.
(pdftex.def)             Requested size: 40.99644pt x 76.82234pt.

Overfull \vbox (33.9827pt too high) detected at line 317
 []


Overfull \hbox (21.54718pt too wide) in alignment at lines 325--385
 [] [] [] [] 
 []

[9

]

[10]
File: brasao.png Graphic file (type png)
<use brasao.png>
Package pdftex.def Info: brasao.png  used on input line 391.
(pdftex.def)             Requested size: 75.90245pt x 76.82234pt.

Overfull \vbox (33.9827pt too high) detected at line 391
 []

File: ufop.png Graphic file (type png)
<use ufop.png>
Package pdftex.def Info: ufop.png  used on input line 393.
(pdftex.def)             Requested size: 40.99644pt x 76.82234pt.

Overfull \vbox (33.9827pt too high) detected at line 393
 []


Underfull \hbox (badness 10000) in paragraph at lines 446--446
[]\T1/cmr/m/n/10.95 SEGURADO, Valquiria San-tos. Pro-jeto de in-ter-face com o usuário. 1.
 []


Underfull \hbox (badness 10000) in paragraph at lines 446--446
\T1/cmr/m/n/10.95 ed. São Paulo: Pear-son Ed-u-ca-tion do Brasil, 2016. Disponível em:
 []


Overfull \hbox (21.54718pt too wide) in alignment at lines 401--456
 [] [] [] [] 
 []

[11

]

[12]
File: brasao.png Graphic file (type png)
<use brasao.png>
Package pdftex.def Info: brasao.png  used on input line 462.
(pdftex.def)             Requested size: 75.90245pt x 76.82234pt.

Overfull \vbox (33.9827pt too high) detected at line 462
 []

File: ufop.png Graphic file (type png)
<use ufop.png>
Package pdftex.def Info: ufop.png  used on input line 464.
(pdftex.def)             Requested size: 40.99644pt x 76.82234pt.

Overfull \vbox (33.9827pt too high) detected at line 464
 []


Overfull \hbox (21.54718pt too wide) in alignment at lines 472--530
 [] [] [] [] 
 []

[13

]

[14]
File: brasao.png Graphic file (type png)
<use brasao.png>
Package pdftex.def Info: brasao.png  used on input line 536.
(pdftex.def)             Requested size: 75.90245pt x 76.82234pt.

Overfull \vbox (33.9827pt too high) detected at line 536
 []

File: ufop.png Graphic file (type png)
<use ufop.png>
Package pdftex.def Info: ufop.png  used on input line 538.
(pdftex.def)             Requested size: 40.99644pt x 76.82234pt.

Overfull \vbox (33.9827pt too high) detected at line 538
 []


Underfull \hbox (badness 10000) in paragraph at lines 598--598
[]\T1/cmr/m/n/10.95 JÚNIOR, Ar-mando Kolbe. Com-putação em Nu-vem. 1. ed. Con-tentus,
 []


Underfull \hbox (badness 10000) in paragraph at lines 598--598
\T1/cmr/m/n/10.95 2020. Disponível on-line em Min-haU-FOP/BibliotecaDigital/BVirtualPearson:
 []


Overfull \hbox (21.54718pt too wide) in alignment at lines 546--611
 [] [] [] [] 
 []

[15

]

[16]
File: brasao.png Graphic file (type png)
<use brasao.png>
Package pdftex.def Info: brasao.png  used on input line 617.
(pdftex.def)             Requested size: 75.90245pt x 76.82234pt.

Overfull \vbox (33.9827pt too high) detected at line 617
 []

File: ufop.png Graphic file (type png)
<use ufop.png>
Package pdftex.def Info: ufop.png  used on input line 619.
(pdftex.def)             Requested size: 40.99644pt x 76.82234pt.

Overfull \vbox (33.9827pt too high) detected at line 619
 []


Overfull \hbox (21.54718pt too wide) in alignment at lines 627--687
 [] [] [] [] 
 []

[17

]

[18]
File: brasao.png Graphic file (type png)
<use brasao.png>
Package pdftex.def Info: brasao.png  used on input line 693.
(pdftex.def)             Requested size: 75.90245pt x 76.82234pt.

Overfull \vbox (33.9827pt too high) detected at line 693
 []

File: ufop.png Graphic file (type png)
<use ufop.png>
Package pdftex.def Info: ufop.png  used on input line 695.
(pdftex.def)             Requested size: 40.99644pt x 76.82234pt.

Overfull \vbox (33.9827pt too high) detected at line 695
 []


Overfull \hbox (21.54718pt too wide) in alignment at lines 703--757
 [] [] [] [] 
 []

[19

]

[20]
File: brasao.png Graphic file (type png)
<use brasao.png>
Package pdftex.def Info: brasao.png  used on input line 763.
(pdftex.def)             Requested size: 75.90245pt x 76.82234pt.

Overfull \vbox (33.9827pt too high) detected at line 763
 []

File: ufop.png Graphic file (type png)
<use ufop.png>
Package pdftex.def Info: ufop.png  used on input line 765.
(pdftex.def)             Requested size: 40.99644pt x 76.82234pt.

Overfull \vbox (33.9827pt too high) detected at line 765
 []


Overfull \hbox (21.54718pt too wide) in alignment at lines 773--835
 [] [] [] [] 
 []

[21

]

[22]
File: brasao.png Graphic file (type png)
<use brasao.png>
Package pdftex.def Info: brasao.png  used on input line 841.
(pdftex.def)             Requested size: 75.90245pt x 76.82234pt.

Overfull \vbox (33.9827pt too high) detected at line 841
 []

File: ufop.png Graphic file (type png)
<use ufop.png>
Package pdftex.def Info: ufop.png  used on input line 843.
(pdftex.def)             Requested size: 40.99644pt x 76.82234pt.

Overfull \vbox (33.9827pt too high) detected at line 843
 []


Underfull \hbox (badness 4872) in paragraph at lines 906--906
[]\T1/cmr/m/n/10.95 DEITEL, H. M.; DEI-TEL, P. J.; CHOFFNES, D. R. Sis-temas Op-era-cionais. Ed-
 []


Underfull \hbox (badness 10000) in paragraph at lines 906--906
\T1/cmr/m/n/10.95 i-tora Pear-son, 2005. ISBN 9788576050117. Disponível na Minha Bib-lioteca:
 []


Underfull \hbox (badness 2343) in paragraph at lines 906--906
\T1/cmr/m/n/10.95 https://plataforma.bvirtual.com.br/Leitor/Loader/315/pdf (acessível via Minha UFOP ^^U Bib-
 []


Overfull \hbox (21.54718pt too wide) in alignment at lines 851--912
 [] [] [] [] 
 []

[23

]

[24]
File: brasao.png Graphic file (type png)
<use brasao.png>
Package pdftex.def Info: brasao.png  used on input line 918.
(pdftex.def)             Requested size: 75.90245pt x 76.82234pt.

Overfull \vbox (33.9827pt too high) detected at line 918
 []

File: ufop.png Graphic file (type png)
<use ufop.png>
Package pdftex.def Info: ufop.png  used on input line 920.
(pdftex.def)             Requested size: 40.99644pt x 76.82234pt.

Overfull \vbox (33.9827pt too high) detected at line 920
 []


Overfull \hbox (21.54718pt too wide) in alignment at lines 928--984
 [] [] [] [] 
 []

[25

]

[26]
File: brasao.png Graphic file (type png)
<use brasao.png>
Package pdftex.def Info: brasao.png  used on input line 990.
(pdftex.def)             Requested size: 75.90245pt x 76.82234pt.

Overfull \vbox (33.9827pt too high) detected at line 990
 []

File: ufop.png Graphic file (type png)
<use ufop.png>
Package pdftex.def Info: ufop.png  used on input line 992.
(pdftex.def)             Requested size: 40.99644pt x 76.82234pt.

Overfull \vbox (33.9827pt too high) detected at line 992
 []


Overfull \hbox (21.54718pt too wide) in alignment at lines 1000--1068
 [] [] [] [] 
 []

[27

]

[28]
File: brasao.png Graphic file (type png)
<use brasao.png>
Package pdftex.def Info: brasao.png  used on input line 1074.
(pdftex.def)             Requested size: 75.90245pt x 76.82234pt.

Overfull \vbox (33.9827pt too high) detected at line 1074
 []

File: ufop.png Graphic file (type png)
<use ufop.png>
Package pdftex.def Info: ufop.png  used on input line 1076.
(pdftex.def)             Requested size: 40.99644pt x 76.82234pt.

Overfull \vbox (33.9827pt too high) detected at line 1076
 []


Overfull \hbox (21.54718pt too wide) in alignment at lines 1084--1141
 [] [] [] [] 
 []

[29

]

[30]
File: brasao.png Graphic file (type png)
<use brasao.png>
Package pdftex.def Info: brasao.png  used on input line 1147.
(pdftex.def)             Requested size: 75.90245pt x 76.82234pt.

Overfull \vbox (33.9827pt too high) detected at line 1147
 []

File: ufop.png Graphic file (type png)
<use ufop.png>
Package pdftex.def Info: ufop.png  used on input line 1149.
(pdftex.def)             Requested size: 40.99644pt x 76.82234pt.

Overfull \vbox (33.9827pt too high) detected at line 1149
 []


Overfull \hbox (21.54718pt too wide) in alignment at lines 1157--1212
 [] [] [] [] 
 []

[31

]

[32]
File: brasao.png Graphic file (type png)
<use brasao.png>
Package pdftex.def Info: brasao.png  used on input line 1218.
(pdftex.def)             Requested size: 75.90245pt x 76.82234pt.

Overfull \vbox (33.9827pt too high) detected at line 1218
 []

File: ufop.png Graphic file (type png)
<use ufop.png>
Package pdftex.def Info: ufop.png  used on input line 1220.
(pdftex.def)             Requested size: 40.99644pt x 76.82234pt.

Overfull \vbox (33.9827pt too high) detected at line 1220
 []


Overfull \hbox (21.54718pt too wide) in alignment at lines 1228--1294
 [] [] [] [] 
 []

[33

]

[34]
File: brasao.png Graphic file (type png)
<use brasao.png>
Package pdftex.def Info: brasao.png  used on input line 1300.
(pdftex.def)             Requested size: 75.90245pt x 76.82234pt.

Overfull \vbox (33.9827pt too high) detected at line 1300
 []

File: ufop.png Graphic file (type png)
<use ufop.png>
Package pdftex.def Info: ufop.png  used on input line 1302.
(pdftex.def)             Requested size: 40.99644pt x 76.82234pt.

Overfull \vbox (33.9827pt too high) detected at line 1302
 []


Overfull \hbox (21.54718pt too wide) in alignment at lines 1310--1364
 [] [] [] [] 
 []

[35

]

[36]
File: brasao.png Graphic file (type png)
<use brasao.png>
Package pdftex.def Info: brasao.png  used on input line 1370.
(pdftex.def)             Requested size: 75.90245pt x 76.82234pt.

Overfull \vbox (33.9827pt too high) detected at line 1370
 []

File: ufop.png Graphic file (type png)
<use ufop.png>
Package pdftex.def Info: ufop.png  used on input line 1372.
(pdftex.def)             Requested size: 40.99644pt x 76.82234pt.

Overfull \vbox (33.9827pt too high) detected at line 1372
 []


Overfull \hbox (21.54718pt too wide) in alignment at lines 1380--1437
 [] [] [] [] 
 []

[37

]

[38]
File: brasao.png Graphic file (type png)
<use brasao.png>
Package pdftex.def Info: brasao.png  used on input line 1443.
(pdftex.def)             Requested size: 75.90245pt x 76.82234pt.

Overfull \vbox (33.9827pt too high) detected at line 1443
 []

File: ufop.png Graphic file (type png)
<use ufop.png>
Package pdftex.def Info: ufop.png  used on input line 1445.
(pdftex.def)             Requested size: 40.99644pt x 76.82234pt.

Overfull \vbox (33.9827pt too high) detected at line 1445
 []


Overfull \hbox (21.54718pt too wide) in alignment at lines 1453--1510
 [] [] [] [] 
 []

[39

]

[40]
File: brasao.png Graphic file (type png)
<use brasao.png>
Package pdftex.def Info: brasao.png  used on input line 1516.
(pdftex.def)             Requested size: 75.90245pt x 76.82234pt.

Overfull \vbox (33.9827pt too high) detected at line 1516
 []

File: ufop.png Graphic file (type png)
<use ufop.png>
Package pdftex.def Info: ufop.png  used on input line 1518.
(pdftex.def)             Requested size: 40.99644pt x 76.82234pt.

Overfull \vbox (33.9827pt too high) detected at line 1518
 []


Overfull \hbox (21.54718pt too wide) in alignment at lines 1526--1584
 [] [] [] [] 
 []

[41

]

[42]
File: brasao.png Graphic file (type png)
<use brasao.png>
Package pdftex.def Info: brasao.png  used on input line 1590.
(pdftex.def)             Requested size: 75.90245pt x 76.82234pt.

Overfull \vbox (33.9827pt too high) detected at line 1590
 []

File: ufop.png Graphic file (type png)
<use ufop.png>
Package pdftex.def Info: ufop.png  used on input line 1592.
(pdftex.def)             Requested size: 40.99644pt x 76.82234pt.

Overfull \vbox (33.9827pt too high) detected at line 1592
 []


Overfull \hbox (21.54718pt too wide) in alignment at lines 1600--1661
 [] [] [] [] 
 []

[43

]

[44]
File: brasao.png Graphic file (type png)
<use brasao.png>
Package pdftex.def Info: brasao.png  used on input line 1667.
(pdftex.def)             Requested size: 75.90245pt x 76.82234pt.

Overfull \vbox (33.9827pt too high) detected at line 1667
 []

File: ufop.png Graphic file (type png)
<use ufop.png>
Package pdftex.def Info: ufop.png  used on input line 1669.
(pdftex.def)             Requested size: 40.99644pt x 76.82234pt.

Overfull \vbox (33.9827pt too high) detected at line 1669
 []


Overfull \hbox (21.54718pt too wide) in alignment at lines 1677--1735
 [] [] [] [] 
 []

[45

]

[46]
File: brasao.png Graphic file (type png)
<use brasao.png>
Package pdftex.def Info: brasao.png  used on input line 1741.
(pdftex.def)             Requested size: 75.90245pt x 76.82234pt.

Overfull \vbox (33.9827pt too high) detected at line 1741
 []

File: ufop.png Graphic file (type png)
<use ufop.png>
Package pdftex.def Info: ufop.png  used on input line 1743.
(pdftex.def)             Requested size: 40.99644pt x 76.82234pt.

Overfull \vbox (33.9827pt too high) detected at line 1743
 []


Overfull \hbox (21.54718pt too wide) in alignment at lines 1751--1813
 [] [] [] [] 
 []

[47

]

[48]
File: brasao.png Graphic file (type png)
<use brasao.png>
Package pdftex.def Info: brasao.png  used on input line 1819.
(pdftex.def)             Requested size: 75.90245pt x 76.82234pt.

Overfull \vbox (33.9827pt too high) detected at line 1819
 []

File: ufop.png Graphic file (type png)
<use ufop.png>
Package pdftex.def Info: ufop.png  used on input line 1821.
(pdftex.def)             Requested size: 40.99644pt x 76.82234pt.

Overfull \vbox (33.9827pt too high) detected at line 1821
 []


Overfull \hbox (21.54718pt too wide) in alignment at lines 1829--1893
 [] [] [] [] 
 []

[49

]

[50]
File: brasao.png Graphic file (type png)
<use brasao.png>
Package pdftex.def Info: brasao.png  used on input line 1899.
(pdftex.def)             Requested size: 75.90245pt x 76.82234pt.

Overfull \vbox (33.9827pt too high) detected at line 1899
 []

File: ufop.png Graphic file (type png)
<use ufop.png>
Package pdftex.def Info: ufop.png  used on input line 1901.
(pdftex.def)             Requested size: 40.99644pt x 76.82234pt.

Overfull \vbox (33.9827pt too high) detected at line 1901
 []


Overfull \hbox (21.54718pt too wide) in alignment at lines 1909--1970
 [] [] [] [] 
 []

[51

]

[52]
File: brasao.png Graphic file (type png)
<use brasao.png>
Package pdftex.def Info: brasao.png  used on input line 1976.
(pdftex.def)             Requested size: 75.90245pt x 76.82234pt.

Overfull \vbox (33.9827pt too high) detected at line 1976
 []

File: ufop.png Graphic file (type png)
<use ufop.png>
Package pdftex.def Info: ufop.png  used on input line 1978.
(pdftex.def)             Requested size: 40.99644pt x 76.82234pt.

Overfull \vbox (33.9827pt too high) detected at line 1978
 []


Overfull \hbox (21.54718pt too wide) in alignment at lines 1986--2049
 [] [] [] [] 
 []

[53

]

[54]
File: brasao.png Graphic file (type png)
<use brasao.png>
Package pdftex.def Info: brasao.png  used on input line 2055.
(pdftex.def)             Requested size: 75.90245pt x 76.82234pt.

Overfull \vbox (33.9827pt too high) detected at line 2055
 []

File: ufop.png Graphic file (type png)
<use ufop.png>
Package pdftex.def Info: ufop.png  used on input line 2057.
(pdftex.def)             Requested size: 40.99644pt x 76.82234pt.

Overfull \vbox (33.9827pt too high) detected at line 2057
 []


Overfull \hbox (21.54718pt too wide) in alignment at lines 2065--2122
 [] [] [] [] 
 []

[55

]

[56]
File: brasao.png Graphic file (type png)
<use brasao.png>
Package pdftex.def Info: brasao.png  used on input line 2128.
(pdftex.def)             Requested size: 75.90245pt x 76.82234pt.

Overfull \vbox (33.9827pt too high) detected at line 2128
 []

File: ufop.png Graphic file (type png)
<use ufop.png>
Package pdftex.def Info: ufop.png  used on input line 2130.
(pdftex.def)             Requested size: 40.99644pt x 76.82234pt.

Overfull \vbox (33.9827pt too high) detected at line 2130
 []


Overfull \hbox (21.54718pt too wide) in alignment at lines 2138--2193
 [] [] [] [] 
 []

[57

]

[58]
File: brasao.png Graphic file (type png)
<use brasao.png>
Package pdftex.def Info: brasao.png  used on input line 2199.
(pdftex.def)             Requested size: 75.90245pt x 76.82234pt.

Overfull \vbox (33.9827pt too high) detected at line 2199
 []

File: ufop.png Graphic file (type png)
<use ufop.png>
Package pdftex.def Info: ufop.png  used on input line 2201.
(pdftex.def)             Requested size: 40.99644pt x 76.82234pt.

Overfull \vbox (33.9827pt too high) detected at line 2201
 []


Overfull \hbox (21.54718pt too wide) in alignment at lines 2209--2265
 [] [] [] [] 
 []

[59

]

[60]
File: brasao.png Graphic file (type png)
<use brasao.png>
Package pdftex.def Info: brasao.png  used on input line 2271.
(pdftex.def)             Requested size: 75.90245pt x 76.82234pt.

Overfull \vbox (33.9827pt too high) detected at line 2271
 []

File: ufop.png Graphic file (type png)
<use ufop.png>
Package pdftex.def Info: ufop.png  used on input line 2273.
(pdftex.def)             Requested size: 40.99644pt x 76.82234pt.

Overfull \vbox (33.9827pt too high) detected at line 2273
 []


Overfull \hbox (21.54718pt too wide) in alignment at lines 2281--2347
 [] [] [] [] 
 []

[61

]

[62]
File: brasao.png Graphic file (type png)
<use brasao.png>
Package pdftex.def Info: brasao.png  used on input line 2353.
(pdftex.def)             Requested size: 75.90245pt x 76.82234pt.

Overfull \vbox (33.9827pt too high) detected at line 2353
 []

File: ufop.png Graphic file (type png)
<use ufop.png>
Package pdftex.def Info: ufop.png  used on input line 2355.
(pdftex.def)             Requested size: 40.99644pt x 76.82234pt.

Overfull \vbox (33.9827pt too high) detected at line 2355
 []


Overfull \hbox (21.54718pt too wide) in alignment at lines 2363--2423
 [] [] [] [] 
 []

[63

]

[64]
File: brasao.png Graphic file (type png)
<use brasao.png>
Package pdftex.def Info: brasao.png  used on input line 2429.
(pdftex.def)             Requested size: 75.90245pt x 76.82234pt.

Overfull \vbox (33.9827pt too high) detected at line 2429
 []

File: ufop.png Graphic file (type png)
<use ufop.png>
Package pdftex.def Info: ufop.png  used on input line 2431.
(pdftex.def)             Requested size: 40.99644pt x 76.82234pt.

Overfull \vbox (33.9827pt too high) detected at line 2431
 []


Overfull \hbox (21.54718pt too wide) in alignment at lines 2439--2508
 [] [] [] [] 
 []

[65

]

[66]
File: brasao.png Graphic file (type png)
<use brasao.png>
Package pdftex.def Info: brasao.png  used on input line 2514.
(pdftex.def)             Requested size: 75.90245pt x 76.82234pt.

Overfull \vbox (33.9827pt too high) detected at line 2514
 []

File: ufop.png Graphic file (type png)
<use ufop.png>
Package pdftex.def Info: ufop.png  used on input line 2516.
(pdftex.def)             Requested size: 40.99644pt x 76.82234pt.

Overfull \vbox (33.9827pt too high) detected at line 2516
 []


Overfull \hbox (21.54718pt too wide) in alignment at lines 2524--2580
 [] [] [] [] 
 []

[67

]

[68]
File: brasao.png Graphic file (type png)
<use brasao.png>
Package pdftex.def Info: brasao.png  used on input line 2586.
(pdftex.def)             Requested size: 75.90245pt x 76.82234pt.

Overfull \vbox (33.9827pt too high) detected at line 2586
 []

File: ufop.png Graphic file (type png)
<use ufop.png>
Package pdftex.def Info: ufop.png  used on input line 2588.
(pdftex.def)             Requested size: 40.99644pt x 76.82234pt.

Overfull \vbox (33.9827pt too high) detected at line 2588
 []


Overfull \hbox (21.54718pt too wide) in alignment at lines 2596--2651
 [] [] [] [] 
 []

[69

]

[70]
File: brasao.png Graphic file (type png)
<use brasao.png>
Package pdftex.def Info: brasao.png  used on input line 2657.
(pdftex.def)             Requested size: 75.90245pt x 76.82234pt.

Overfull \vbox (33.9827pt too high) detected at line 2657
 []

File: ufop.png Graphic file (type png)
<use ufop.png>
Package pdftex.def Info: ufop.png  used on input line 2659.
(pdftex.def)             Requested size: 40.99644pt x 76.82234pt.

Overfull \vbox (33.9827pt too high) detected at line 2659
 []


Overfull \hbox (21.54718pt too wide) in alignment at lines 2667--2722
 [] [] [] [] 
 []

[71

]

[72]
File: brasao.png Graphic file (type png)
<use brasao.png>
Package pdftex.def Info: brasao.png  used on input line 2728.
(pdftex.def)             Requested size: 75.90245pt x 76.82234pt.

Overfull \vbox (33.9827pt too high) detected at line 2728
 []

File: ufop.png Graphic file (type png)
<use ufop.png>
Package pdftex.def Info: ufop.png  used on input line 2730.
(pdftex.def)             Requested size: 40.99644pt x 76.82234pt.

Overfull \vbox (33.9827pt too high) detected at line 2730
 []


Overfull \hbox (21.54718pt too wide) in alignment at lines 2738--2797
 [] [] [] [] 
 []

[73

]

[74]
File: brasao.png Graphic file (type png)
<use brasao.png>
Package pdftex.def Info: brasao.png  used on input line 2803.
(pdftex.def)             Requested size: 75.90245pt x 76.82234pt.

Overfull \vbox (33.9827pt too high) detected at line 2803
 []

File: ufop.png Graphic file (type png)
<use ufop.png>
Package pdftex.def Info: ufop.png  used on input line 2805.
(pdftex.def)             Requested size: 40.99644pt x 76.82234pt.

Overfull \vbox (33.9827pt too high) detected at line 2805
 []


Overfull \hbox (21.54718pt too wide) in alignment at lines 2813--2866
 [] [] [] [] 
 []



[75

]
File: brasao.png Graphic file (type png)
<use brasao.png>
Package pdftex.def Info: brasao.png  used on input line 2872.
(pdftex.def)             Requested size: 75.90245pt x 76.82234pt.

Overfull \vbox (33.9827pt too high) detected at line 2872
 []

File: ufop.png Graphic file (type png)
<use ufop.png>
Package pdftex.def Info: ufop.png  used on input line 2874.
(pdftex.def)             Requested size: 40.99644pt x 76.82234pt.

Overfull \vbox (33.9827pt too high) detected at line 2874
 []


Overfull \hbox (21.54718pt too wide) in alignment at lines 2882--2942
 [] [] [] [] 
 []

[76

]

[77] (./eletivas_IA_en.aux)
 ***********
LaTeX2e <2024-06-01> patch level 2
L3 programming layer <2024-10-09>
 ***********
 ) 
Here is how much of TeX's memory you used:
 4041 strings out of 473577
 66222 string characters out of 5732224
 501156 words of memory out of 5000000
 26914 multiletter control sequences out of 15000+600000
 564244 words of font info for 50 fonts, out of 8000000 for 9000
 1141 hyphenation exceptions out of 8191
 57i,12n,65p,1149b,350s stack positions out of 10000i,1000n,20000p,200000b,200000s
<c:/texlive/2024/texmf-dist/fonts/type1/public/cm-super/sfbx1095.pfb><c:/texlive/2024/texmf-dist/fonts/type1/public/cm-super/sfbx1440.pfb><c:/texlive/2024/texmf-dist/fonts/type1/public/cm-super/sfrm1095.pfb>
Output written on eletivas_IA_en.pdf (77 pages, 620901 bytes).
PDF statistics:
 278 PDF objects out of 1000 (max. 8388607)
 186 compressed objects within 2 object streams
 0 named destinations out of 1000 (max. 500000)
 11 words of extra memory for PDF output out of 10000 (max. 10000000)

